
Server running on http://localhost:3000
Count failed: Error: Command failed: midnight-cli call 0xYourDeployedAddress getDidCount --network testnet
/bin/sh: 1: midnight-cli: not found

[90m    at genericNodeError (node:internal/errors:983:15)[39m
[90m    at wrappedFn (node:internal/errors:537:14)[39m
[90m    at ChildProcess.exithandler (node:child_process:414:12)[39m
[90m    at ChildProcess.emit (node:events:518:28)[39m
[90m    at maybeClose (node:internal/child_process:1101:16)[39m
[90m    at Socket.<anonymous> (node:internal/child_process:456:11)[39m
[90m    at Socket.emit (node:events:518:28)[39m
[90m    at Pipe.<anonymous> (node:net:351:12)[39m {
  code: [33m127[39m,
  killed: [33mfalse[39m,
  signal: [1mnull[22m,
  cmd: [32m'midnight-cli call 0xYourDeployedAddress getDidCount --network testnet'[39m
}
Count failed: Error: Command failed: midnight-cli call 0xYourDeployedAddress getDidCount --network testnet
/bin/sh: 1: midnight-cli: not found

[90m    at genericNodeError (node:internal/errors:983:15)[39m
[90m    at wrappedFn (node:internal/errors:537:14)[39m
[90m    at ChildProcess.exithandler (node:child_process:414:12)[39m
[90m    at ChildProcess.emit (node:events:518:28)[39m
[90m    at maybeClose (node:internal/child_process:1101:16)[39m
[90m    at Socket.<anonymous> (node:internal/child_process:456:11)[39m
[90m    at Socket.emit (node:events:518:28)[39m
[90m    at Pipe.<anonymous> (node:net:351:12)[39m {
  code: [33m127[39m,
  killed: [33mfalse[39m,
  signal: [1mnull[22m,
  cmd: [32m'midnight-cli call 0xYourDeployedAddress getDidCount --network testnet'[39m
}
